// Vitest Snapshot v1, https://vitest.dev/guide/snapshot.html

exports[`starter instance snapshots > is stable for "Aperture" 1`] = `
[
  {
    "count": 24,
    "fills": [
      [
        0.75,
        0.14,
        60,
        0.12,
      ],
      [
        0.75,
        0.14,
        60,
        0.12,
      ],
      [
        0.75,
        0.14,
        60,
        0.12,
      ],
      [
        0.75,
        0.14,
        60,
        0.12,
      ],
      [
        0.75,
        0.14,
        60,
        0.12,
      ],
      [
        0.75,
        0.14,
        60,
        0.12,
      ],
      [
        0.75,
        0.14,
        60,
        0.12,
      ],
      [
        0.75,
        0.14,
        60,
        0.12,
      ],
      [
        0.75,
        0.14,
        60,
        0.12,
      ],
      [
        0.75,
        0.14,
        60,
        0.12,
      ],
      [
        0.75,
        0.14,
        60,
        0.12,
      ],
      [
        0.75,
        0.14,
        60,
        0.12,
      ],
      [
        0.75,
        0.14,
        60,
        0.12,
      ],
      [
        0.75,
        0.14,
        60,
        0.12,
      ],
      [
        0.75,
        0.14,
        60,
        0.12,
      ],
      [
        0.75,
        0.14,
        60,
        0.12,
      ],
      [
        0.75,
        0.14,
        60,
        0.12,
      ],
      [
        0.75,
        0.14,
        60,
        0.12,
      ],
      [
        0.75,
        0.14,
        60,
        0.12,
      ],
      [
        0.75,
        0.14,
        60,
        0.12,
      ],
      [
        0.75,
        0.14,
        60,
        0.12,
      ],
      [
        0.75,
        0.14,
        60,
        0.12,
      ],
      [
        0.75,
        0.14,
        60,
        0.12,
      ],
      [
        0.75,
        0.14,
        60,
        0.12,
      ],
    ],
    "layerId": "aperture-blades",
    "transforms": [
      [
        1,
        0,
        0,
        1,
        120,
        0,
      ],
      [
        0.963,
        0.27,
        -0.27,
        0.963,
        115.911,
        31.058,
      ],
      [
        0.854,
        0.52,
        -0.52,
        0.854,
        103.923,
        60,
      ],
      [
        0.683,
        0.731,
        -0.731,
        0.683,
        84.853,
        84.853,
      ],
      [
        0.46,
        0.888,
        -0.888,
        0.46,
        60,
        103.923,
      ],
      [
        0.203,
        0.979,
        -0.979,
        0.203,
        31.058,
        115.911,
      ],
      [
        -0.068,
        0.998,
        -0.998,
        -0.068,
        0,
        120,
      ],
      [
        -0.335,
        0.942,
        -0.942,
        -0.335,
        -31.058,
        115.911,
      ],
      [
        -0.577,
        0.817,
        -0.817,
        -0.577,
        -60,
        103.923,
      ],
      [
        -0.776,
        0.631,
        -0.631,
        -0.776,
        -84.853,
        84.853,
      ],
      [
        -0.917,
        0.398,
        -0.398,
        -0.917,
        -103.923,
        60,
      ],
      [
        -0.991,
        0.136,
        -0.136,
        -0.991,
        -115.911,
        31.058,
      ],
      [
        -0.991,
        -0.136,
        0.136,
        -0.991,
        -120,
        0,
      ],
      [
        -0.917,
        -0.398,
        0.398,
        -0.917,
        -115.911,
        -31.058,
      ],
      [
        -0.776,
        -0.631,
        0.631,
        -0.776,
        -103.923,
        -60,
      ],
      [
        -0.577,
        -0.817,
        0.817,
        -0.577,
        -84.853,
        -84.853,
      ],
      [
        -0.335,
        -0.942,
        0.942,
        -0.335,
        -60,
        -103.923,
      ],
      [
        -0.068,
        -0.998,
        0.998,
        -0.068,
        -31.058,
        -115.911,
      ],
      [
        0.203,
        -0.979,
        0.979,
        0.203,
        -0,
        -120,
      ],
      [
        0.46,
        -0.888,
        0.888,
        0.46,
        31.058,
        -115.911,
      ],
      [
        0.683,
        -0.731,
        0.731,
        0.683,
        60,
        -103.923,
      ],
      [
        0.854,
        -0.52,
        0.52,
        0.854,
        84.853,
        -84.853,
      ],
      [
        0.963,
        -0.27,
        0.27,
        0.963,
        103.923,
        -60,
      ],
      [
        1,
        -0,
        0,
        1,
        115.911,
        -31.058,
      ],
    ],
  },
]
`;

exports[`starter instance snapshots > is stable for "Moiré" 1`] = `
[
  {
    "count": 40,
    "fills": [
      null,
      null,
      null,
      null,
      null,
      null,
      null,
      null,
      null,
      null,
      null,
      null,
      null,
      null,
      null,
      null,
      null,
      null,
      null,
      null,
      null,
      null,
      null,
      null,
      null,
      null,
      null,
      null,
      null,
      null,
      null,
      null,
      null,
      null,
      null,
      null,
      null,
      null,
      null,
      null,
    ],
    "layerId": "moire-a",
    "transforms": [
      [
        1,
        0,
        0,
        1,
        60,
        0,
      ],
      [
        1,
        0,
        0,
        1,
        59.261,
        9.386,
      ],
      [
        1,
        0,
        0,
        1,
        57.063,
        18.541,
      ],
      [
        1,
        0,
        0,
        1,
        53.46,
        27.239,
      ],
      [
        1,
        0,
        0,
        1,
        48.541,
        35.267,
      ],
      [
        1,
        0,
        0,
        1,
        42.426,
        42.426,
      ],
      [
        1,
        0,
        0,
        1,
        35.267,
        48.541,
      ],
      [
        1,
        0,
        0,
        1,
        27.239,
        53.46,
      ],
      [
        1,
        0,
        0,
        1,
        18.541,
        57.063,
      ],
      [
        1,
        0,
        0,
        1,
        9.386,
        59.261,
      ],
      [
        1,
        0,
        0,
        1,
        0,
        60,
      ],
      [
        1,
        0,
        0,
        1,
        -9.386,
        59.261,
      ],
      [
        1,
        0,
        0,
        1,
        -18.541,
        57.063,
      ],
      [
        1,
        0,
        0,
        1,
        -27.239,
        53.46,
      ],
      [
        1,
        0,
        0,
        1,
        -35.267,
        48.541,
      ],
      [
        1,
        0,
        0,
        1,
        -42.426,
        42.426,
      ],
      [
        1,
        0,
        0,
        1,
        -48.541,
        35.267,
      ],
      [
        1,
        0,
        0,
        1,
        -53.46,
        27.239,
      ],
      [
        1,
        0,
        0,
        1,
        -57.063,
        18.541,
      ],
      [
        1,
        0,
        0,
        1,
        -59.261,
        9.386,
      ],
      [
        1,
        0,
        0,
        1,
        -60,
        0,
      ],
      [
        1,
        0,
        0,
        1,
        -59.261,
        -9.386,
      ],
      [
        1,
        0,
        0,
        1,
        -57.063,
        -18.541,
      ],
      [
        1,
        0,
        0,
        1,
        -53.46,
        -27.239,
      ],
      [
        1,
        0,
        0,
        1,
        -48.541,
        -35.267,
      ],
      [
        1,
        0,
        0,
        1,
        -42.426,
        -42.426,
      ],
      [
        1,
        0,
        0,
        1,
        -35.267,
        -48.541,
      ],
      [
        1,
        0,
        0,
        1,
        -27.239,
        -53.46,
      ],
      [
        1,
        0,
        0,
        1,
        -18.541,
        -57.063,
      ],
      [
        1,
        0,
        0,
        1,
        -9.386,
        -59.261,
      ],
      [
        1,
        0,
        0,
        1,
        -0,
        -60,
      ],
      [
        1,
        0,
        0,
        1,
        9.386,
        -59.261,
      ],
      [
        1,
        0,
        0,
        1,
        18.541,
        -57.063,
      ],
      [
        1,
        0,
        0,
        1,
        27.239,
        -53.46,
      ],
      [
        1,
        0,
        0,
        1,
        35.267,
        -48.541,
      ],
      [
        1,
        0,
        0,
        1,
        42.426,
        -42.426,
      ],
      [
        1,
        0,
        0,
        1,
        48.541,
        -35.267,
      ],
      [
        1,
        0,
        0,
        1,
        53.46,
        -27.239,
      ],
      [
        1,
        0,
        0,
        1,
        57.063,
        -18.541,
      ],
      [
        1,
        0,
        0,
        1,
        59.261,
        -9.386,
      ],
    ],
  },
  {
    "count": 40,
    "fills": [
      null,
      null,
      null,
      null,
      null,
      null,
      null,
      null,
      null,
      null,
      null,
      null,
      null,
      null,
      null,
      null,
      null,
      null,
      null,
      null,
      null,
      null,
      null,
      null,
      null,
      null,
      null,
      null,
      null,
      null,
      null,
      null,
      null,
      null,
      null,
      null,
      null,
      null,
      null,
      null,
    ],
    "layerId": "moire-b",
    "transforms": [
      [
        1,
        0,
        0,
        1,
        89.723,
        7.061,
      ],
      [
        1,
        0,
        0,
        1,
        87.513,
        21.01,
      ],
      [
        1,
        0,
        0,
        1,
        83.149,
        34.442,
      ],
      [
        1,
        0,
        0,
        1,
        76.738,
        47.025,
      ],
      [
        1,
        0,
        0,
        1,
        68.437,
        58.45,
      ],
      [
        1,
        0,
        0,
        1,
        58.45,
        68.437,
      ],
      [
        1,
        0,
        0,
        1,
        47.025,
        76.738,
      ],
      [
        1,
        0,
        0,
        1,
        34.442,
        83.149,
      ],
      [
        1,
        0,
        0,
        1,
        21.01,
        87.513,
      ],
      [
        1,
        0,
        0,
        1,
        7.061,
        89.723,
      ],
      [
        1,
        0,
        0,
        1,
        -7.061,
        89.723,
      ],
      [
        1,
        0,
        0,
        1,
        -21.01,
        87.513,
      ],
      [
        1,
        0,
        0,
        1,
        -34.442,
        83.149,
      ],
      [
        1,
        0,
        0,
        1,
        -47.025,
        76.738,
      ],
      [
        1,
        0,
        0,
        1,
        -58.45,
        68.437,
      ],
      [
        1,
        0,
        0,
        1,
        -68.437,
        58.45,
      ],
      [
        1,
        0,
        0,
        1,
        -76.738,
        47.025,
      ],
      [
        1,
        0,
        0,
        1,
        -83.149,
        34.442,
      ],
      [
        1,
        0,
        0,
        1,
        -87.513,
        21.01,
      ],
      [
        1,
        0,
        0,
        1,
        -89.723,
        7.061,
      ],
      [
        1,
        0,
        0,
        1,
        -89.723,
        -7.061,
      ],
      [
        1,
        0,
        0,
        1,
        -87.513,
        -21.01,
      ],
      [
        1,
        0,
        0,
        1,
        -83.149,
        -34.442,
      ],
      [
        1,
        0,
        0,
        1,
        -76.738,
        -47.025,
      ],
      [
        1,
        0,
        0,
        1,
        -68.437,
        -58.45,
      ],
      [
        1,
        0,
        0,
        1,
        -58.45,
        -68.437,
      ],
      [
        1,
        0,
        0,
        1,
        -47.025,
        -76.738,
      ],
      [
        1,
        0,
        0,
        1,
        -34.442,
        -83.149,
      ],
      [
        1,
        0,
        0,
        1,
        -21.01,
        -87.513,
      ],
      [
        1,
        0,
        0,
        1,
        -7.061,
        -89.723,
      ],
      [
        1,
        0,
        0,
        1,
        7.061,
        -89.723,
      ],
      [
        1,
        0,
        0,
        1,
        21.01,
        -87.513,
      ],
      [
        1,
        0,
        0,
        1,
        34.442,
        -83.149,
      ],
      [
        1,
        0,
        0,
        1,
        47.025,
        -76.738,
      ],
      [
        1,
        0,
        0,
        1,
        58.45,
        -68.437,
      ],
      [
        1,
        0,
        0,
        1,
        68.437,
        -58.45,
      ],
      [
        1,
        0,
        0,
        1,
        76.738,
        -47.025,
      ],
      [
        1,
        0,
        0,
        1,
        83.149,
        -34.442,
      ],
      [
        1,
        0,
        0,
        1,
        87.513,
        -21.01,
      ],
      [
        1,
        0,
        0,
        1,
        89.723,
        -7.061,
      ],
    ],
  },
]
`;

exports[`starter instance snapshots > is stable for "Rose window" 1`] = `
[
  {
    "count": 18,
    "fills": [
      [
        0.55,
        0.16,
        285,
        0.28,
      ],
      [
        0.55,
        0.16,
        285,
        0.28,
      ],
      [
        0.55,
        0.16,
        285,
        0.28,
      ],
      [
        0.55,
        0.16,
        285,
        0.28,
      ],
      [
        0.55,
        0.16,
        285,
        0.28,
      ],
      [
        0.55,
        0.16,
        285,
        0.28,
      ],
      [
        0.55,
        0.16,
        285,
        0.28,
      ],
      [
        0.55,
        0.16,
        285,
        0.28,
      ],
      [
        0.55,
        0.16,
        285,
        0.28,
      ],
      [
        0.55,
        0.16,
        285,
        0.28,
      ],
      [
        0.55,
        0.16,
        285,
        0.28,
      ],
      [
        0.55,
        0.16,
        285,
        0.28,
      ],
      [
        0.55,
        0.16,
        285,
        0.28,
      ],
      [
        0.55,
        0.16,
        285,
        0.28,
      ],
      [
        0.55,
        0.16,
        285,
        0.28,
      ],
      [
        0.55,
        0.16,
        285,
        0.28,
      ],
      [
        0.55,
        0.16,
        285,
        0.28,
      ],
      [
        0.55,
        0.16,
        285,
        0.28,
      ],
    ],
    "layerId": "rose-outer",
    "transforms": [
      [
        1,
        0,
        0,
        1,
        300,
        0,
      ],
      [
        1,
        0,
        0,
        1,
        281.908,
        102.606,
      ],
      [
        1,
        0,
        0,
        1,
        229.813,
        192.836,
      ],
      [
        1,
        0,
        0,
        1,
        150,
        259.808,
      ],
      [
        1,
        0,
        0,
        1,
        52.094,
        295.442,
      ],
      [
        1,
        0,
        0,
        1,
        -52.094,
        295.442,
      ],
      [
        1,
        0,
        0,
        1,
        -150,
        259.808,
      ],
      [
        1,
        0,
        0,
        1,
        -229.813,
        192.836,
      ],
      [
        1,
        0,
        0,
        1,
        -281.908,
        102.606,
      ],
      [
        1,
        0,
        0,
        1,
        -300,
        0,
      ],
      [
        1,
        0,
        0,
        1,
        -281.908,
        -102.606,
      ],
      [
        1,
        0,
        0,
        1,
        -229.813,
        -192.836,
      ],
      [
        1,
        0,
        0,
        1,
        -150,
        -259.808,
      ],
      [
        1,
        0,
        0,
        1,
        -52.094,
        -295.442,
      ],
      [
        1,
        0,
        0,
        1,
        52.094,
        -295.442,
      ],
      [
        1,
        0,
        0,
        1,
        150,
        -259.808,
      ],
      [
        1,
        0,
        0,
        1,
        229.813,
        -192.836,
      ],
      [
        1,
        0,
        0,
        1,
        281.908,
        -102.606,
      ],
    ],
  },
  {
    "count": 12,
    "fills": [
      [
        0.68,
        0.15,
        210,
        0.3,
      ],
      [
        0.68,
        0.15,
        210,
        0.3,
      ],
      [
        0.68,
        0.15,
        210,
        0.3,
      ],
      [
        0.68,
        0.15,
        210,
        0.3,
      ],
      [
        0.68,
        0.15,
        210,
        0.3,
      ],
      [
        0.68,
        0.15,
        210,
        0.3,
      ],
      [
        0.68,
        0.15,
        210,
        0.3,
      ],
      [
        0.68,
        0.15,
        210,
        0.3,
      ],
      [
        0.68,
        0.15,
        210,
        0.3,
      ],
      [
        0.68,
        0.15,
        210,
        0.3,
      ],
      [
        0.68,
        0.15,
        210,
        0.3,
      ],
      [
        0.68,
        0.15,
        210,
        0.3,
      ],
    ],
    "layerId": "rose-inner",
    "transforms": [
      [
        1,
        0,
        0,
        1,
        164.207,
        43.999,
      ],
      [
        1,
        0,
        0,
        1,
        120.208,
        120.208,
      ],
      [
        1,
        0,
        0,
        1,
        43.999,
        164.207,
      ],
      [
        1,
        0,
        0,
        1,
        -43.999,
        164.207,
      ],
      [
        1,
        0,
        0,
        1,
        -120.208,
        120.208,
      ],
      [
        1,
        0,
        0,
        1,
        -164.207,
        43.999,
      ],
      [
        1,
        0,
        0,
        1,
        -164.207,
        -43.999,
      ],
      [
        1,
        0,
        0,
        1,
        -120.208,
        -120.208,
      ],
      [
        1,
        0,
        0,
        1,
        -43.999,
        -164.207,
      ],
      [
        1,
        0,
        0,
        1,
        43.999,
        -164.207,
      ],
      [
        1,
        0,
        0,
        1,
        120.208,
        -120.208,
      ],
      [
        1,
        0,
        0,
        1,
        164.207,
        -43.999,
      ],
    ],
  },
]
`;
